%!Adobe-FontList 1.14
%Locale:0x409

%BeginFont
Handler:DirectoryHandler
FontType:Invalid
OutlineFileName:C:\Users\KRISHNA\Desktop\Krishna-work\psd-html\TanatosStudio\Font\fontawesome-webfontd41d.eot
FileModTime:1447742278
%EndFont

%BeginFont
Handler:DirectoryHandler
FontType:Invalid
OutlineFileName:C:\Users\KRISHNA\Desktop\Krishna-work\psd-html\TanatosStudio\Font\fontawesome-webfonte0a5.eot
FileModTime:1447742278
%EndFont

%BeginFont
Handler:DirectoryHandler
FontType:Invalid
OutlineFileName:C:\Users\KRISHNA\Desktop\Krishna-work\psd-html\TanatosStudio\Font\fontawesome-webfonte0a5.html
FileModTime:1447742278
%EndFont

%BeginFont
Handler:DirectoryHandler
FontType:Invalid
OutlineFileName:C:\Users\KRISHNA\Desktop\Krishna-work\psd-html\TanatosStudio\Font\fontawesome-webfonte0a5.svg
FileModTime:1447742278
%EndFont

%BeginFont
Handler:DirectoryHandler
FontType:TrueType
FontName:FontAwesome
FamilyName:FontAwesome
StyleName:Regular
FullName:FontAwesome Regular
MenuName:FontAwesome
StyleBits:0
WritingScript:Roman
OutlineFileName:C:\Users\KRISHNA\Desktop\Krishna-work\psd-html\TanatosStudio\Font\fontawesome-webfonte0a5.ttf
DataFormat:sfntData
FileLength:122092
FileModTime:1447742278
WeightClass:400
WidthClass:5
AngleClass:0
%EndFont

%BeginFont
Handler:DirectoryHandler
FontType:Invalid
OutlineFileName:C:\Users\KRISHNA\Desktop\Krishna-work\psd-html\TanatosStudio\Font\fontawesome-webfonte0a5.woff
FileModTime:1447742278
%EndFont

%BeginFont
Handler:DirectoryHandler
FontType:Invalid
OutlineFileName:C:\Users\KRISHNA\Desktop\Krishna-work\psd-html\TanatosStudio\Font\glyphicons-halflings-regular.eot
FileModTime:1469434382
%EndFont

%BeginFont
Handler:DirectoryHandler
FontType:Invalid
OutlineFileName:C:\Users\KRISHNA\Desktop\Krishna-work\psd-html\TanatosStudio\Font\glyphicons-halflings-regular.svg
FileModTime:1469434382
%EndFont

%BeginFont
Handler:DirectoryHandler
FontType:TrueType
FontName:GLYPHICONSHalflings-Regular
FamilyName:GLYPHICONS Halflings
StyleName:Regular
FullName:GLYPHICONS Halflings Regular
MenuName:GLYPHICONS Halflings
StyleBits:0
WritingScript:Roman
OutlineFileName:C:\Users\KRISHNA\Desktop\Krishna-work\psd-html\TanatosStudio\Font\glyphicons-halflings-regular.ttf
DataFormat:sfntData
FileLength:45404
FileModTime:1469434382
WeightClass:400
WidthClass:5
AngleClass:0
%EndFont

%BeginFont
Handler:DirectoryHandler
FontType:Invalid
OutlineFileName:C:\Users\KRISHNA\Desktop\Krishna-work\psd-html\TanatosStudio\Font\glyphicons-halflings-regular.woff
FileModTime:1469434382
%EndFont

%BeginFont
Handler:DirectoryHandler
FontType:Invalid
OutlineFileName:C:\Users\KRISHNA\Desktop\Krishna-work\psd-html\TanatosStudio\Font\glyphicons-halflings-regular.woff2
FileModTime:1469434382
%EndFont

